{% vim: set ft=djot: %}

# Remove extra spaces

This formatter should remove extra spaces.

* * * * * * * * * * * * * * * * * * * * * * * * * * * * * * * * * * * *

Remove extra spaces in normal text.

- Remove extra spaces in list item
