{%
 vim: ft=djot
 %}

`djotfmt` wrap lines at 72 characters like `pandoc`

* * * * * * * * * * * * * * * * * * * * * * * * * * * * * * * * * * * *

A very very very very very very very very very very very very very very
very very very very very very very very very very very very very very
very very very very very very very very very long line that should be
wrapped at 72 characters.
